{"seed": 1000, "seat": 0, "colour": "U", "x_won": false, "h_won": false, "x_elim_round": 9, "h_elim_round": 9, "rounds": 11, "secs": 18.5}
{"seed": 1000, "seat": 1, "colour": "B", "x_won": false, "h_won": false, "x_elim_round": 8, "h_elim_round": 8, "rounds": 8, "secs": 13.4}
{"seed": 1000, "seat": 2, "colour": "R", "x_won": true, "h_won": true, "x_elim_round": null, "h_elim_round": null, "rounds": 12, "secs": 17.7}
{"seed": 1000, "seat": 3, "colour": "G", "x_won": false, "h_won": false, "x_elim_round": 6, "h_elim_round": 6, "rounds": 9, "secs": 3.1}
{"seed": 1001, "seat": 0, "colour": "U", "x_won": false, "h_won": false, "x_elim_round": 8, "h_elim_round": 6, "rounds": 9, "secs": 9.1}
{"seed": 1001, "seat": 1, "colour": "B", "x_won": false, "h_won": false, "x_elim_round": 7, "h_elim_round": 10, "rounds": 9, "secs": 8.3}
{"seed": 1001, "seat": 2, "colour": "R", "x_won": true, "h_won": true, "x_elim_round": null, "h_elim_round": null, "rounds": 16, "secs": 19.6}
{"seed": 1001, "seat": 3, "colour": "G", "x_won": false, "h_won": false, "x_elim_round": 8, "h_elim_round": 7, "rounds": 12, "secs": 8.9}
{"seed": 1002, "seat": 0, "colour": "U", "x_won": true, "h_won": false, "x_elim_round": null, "h_elim_round": 7, "rounds": 12, "secs": 18.5}
{"seed": 1002, "seat": 1, "colour": "B", "x_won": false, "h_won": false, "x_elim_round": 7, "h_elim_round": 6, "rounds": 8, "secs": 7.5}
{"seed": 1002, "seat": 2, "colour": "R", "x_won": true, "h_won": false, "x_elim_round": null, "h_elim_round": 9, "rounds": 9, "secs": 14.8}
{"seed": 1002, "seat": 3, "colour": "G", "x_won": false, "h_won": true, "x_elim_round": 7, "h_elim_round": null, "rounds": 10, "secs": 7.9}
{"seed": 1003, "seat": 0, "colour": "U", "x_won": false, "h_won": false, "x_elim_round": 6, "h_elim_round": 6, "rounds": 10, "secs": 7.2}
{"seed": 1003, "seat": 1, "colour": "B", "x_won": false, "h_won": true, "x_elim_round": 7, "h_elim_round": null, "rounds": 16, "secs": 10.9}
{"seed": 1003, "seat": 2, "colour": "R", "x_won": true, "h_won": false, "x_elim_round": null, "h_elim_round": 11, "rounds": 14, "secs": 14.7}
{"seed": 1003, "seat": 3, "colour": "G", "x_won": false, "h_won": false, "x_elim_round": 9, "h_elim_round": 8, "rounds": 9, "secs": 13.3}
{"seed": 1004, "seat": 0, "colour": "U", "x_won": false, "h_won": false, "x_elim_round": 7, "h_elim_round": 7, "rounds": 12, "secs": 7.7}
{"seed": 1004, "seat": 1, "colour": "B", "x_won": false, "h_won": true, "x_elim_round": 10, "h_elim_round": null, "rounds": 10, "secs": 13.2}
{"seed": 1004, "seat": 2, "colour": "R", "x_won": false, "h_won": false, "x_elim_round": 11, "h_elim_round": 10, "rounds": 11, "secs": 12.6}
{"seed": 1004, "seat": 3, "colour": "G", "x_won": false, "h_won": false, "x_elim_round": 6, "h_elim_round": 6, "rounds": 9, "secs": 4.8}
{"seed": 1005, "seat": 0, "colour": "U", "x_won": false, "h_won": false, "x_elim_round": 5, "h_elim_round": 5, "rounds": 9, "secs": 3.0}
{"seed": 1005, "seat": 1, "colour": "B", "x_won": false, "h_won": false, "x_elim_round": 7, "h_elim_round": 7, "rounds": 9, "secs": 5.5}
{"seed": 1005, "seat": 2, "colour": "R", "x_won": false, "h_won": false, "x_elim_round": 19, "h_elim_round": 9, "rounds": 19, "secs": 25.4}
{"seed": 1005, "seat": 3, "colour": "G", "x_won": false, "h_won": true, "x_elim_round": 9, "h_elim_round": null, "rounds": 11, "secs": 12.2}
{"seed": 1006, "seat": 0, "colour": "U", "x_won": false, "h_won": false, "x_elim_round": 9, "h_elim_round": 8, "rounds": 9, "secs": 12.0}
{"seed": 1006, "seat": 1, "colour": "B", "x_won": false, "h_won": true, "x_elim_round": 13, "h_elim_round": null, "rounds": 13, "secs": 19.8}
{"seed": 1006, "seat": 2, "colour": "R", "x_won": false, "h_won": false, "x_elim_round": 12, "h_elim_round": 11, "rounds": 12, "secs": 14.6}
{"seed": 1006, "seat": 3, "colour": "G", "x_won": false, "h_won": false, "x_elim_round": 7, "h_elim_round": 7, "rounds": 11, "secs": 5.4}
{"seed": 1007, "seat": 0, "colour": "U", "x_won": false, "h_won": true, "x_elim_round": 9, "h_elim_round": null, "rounds": 10, "secs": 12.1}
{"seed": 1007, "seat": 1, "colour": "B", "x_won": false, "h_won": false, "x_elim_round": 14, "h_elim_round": 7, "rounds": 14, "secs": 17.3}
{"seed": 1007, "seat": 2, "colour": "R", "x_won": true, "h_won": false, "x_elim_round": null, "h_elim_round": 9, "rounds": 13, "secs": 14.3}
{"seed": 1007, "seat": 3, "colour": "G", "x_won": false, "h_won": false, "x_elim_round": 10, "h_elim_round": 10, "rounds": 10, "secs": 10.1}

jev vs heuristic, 32 paired seat-games
  wins: jev 6/32 vs heuristic 8/32  (discordant: jev-only 4, heuristic-only 6)
  survived longer: jev 13, heuristic 7, same 12
  U: jev 1/8  heuristic 1/8
  B: jev 0/8  heuristic 3/8
  R: jev 5/8  heuristic 2/8
  G: jev 0/8  heuristic 2/8
  calls=1030 fallbacks=0 p50=352ms p95=470ms input_tokens=1362467
